model-android-en/Gr.fst
model-android-en/HCLr.fst
model-android-en/final.mdl
model-android-en/ivector/final.dubm
model-android-en/ivector/final.ie
model-android-en/ivector/final.mat
model-android-en/ivector/global_cmvn.stats
model-android-en/ivector/online_cmvn.conf
model-android-en/ivector/splice.conf
model-android-en/mfcc.conf
model-android-en/word_boundary.int
model-android-en/words.txt
model-android-es/Gr.fst
model-android-es/HCLr.fst
model-android-es/README
model-android-es/disambig_tid.int
model-android-es/final.mdl
model-android-es/ivector/final.dubm
model-android-es/ivector/final.ie
model-android-es/ivector/final.mat
model-android-es/ivector/global_cmvn.stats
model-android-es/ivector/online_cmvn.conf
model-android-es/ivector/splice.conf
model-android-es/mfcc.conf
model-android-es/word_boundary.int
model-android-fr/AUTHORS
model-android-fr/Gr.fst
model-android-fr/HCLr.fst
model-android-fr/LICENSE
model-android-fr/README.md
model-android-fr/disambig_tid.int
model-android-fr/final.mdl
model-android-fr/ivector/final.dubm
model-android-fr/ivector/final.ie
model-android-fr/ivector/final.mat
model-android-fr/ivector/global_cmvn.stats
model-android-fr/ivector/online_cmvn.conf
model-android-fr/ivector/splice.conf
model-android-fr/mfcc.conf
model-android-fr/word_boundary.int
model-android-ru/Gr.fst
model-android-ru/HCLr.fst
model-android-ru/README
model-android-ru/disambig_tid.int
model-android-ru/final.mdl
model-android-ru/ivector/final.dubm
model-android-ru/ivector/final.ie
model-android-ru/ivector/final.mat
model-android-ru/ivector/global_cmvn.stats
model-android-ru/ivector/online_cmvn.conf
model-android-ru/ivector/splice.conf
model-android-ru/mfcc.conf
model-android-ru/word_boundary.int